// Jest Snapshot v1, https://goo.gl/fbAQLP

exports[`end-to-end integration prints help message when --help given 1`] = `
"Usage: index [options]

Options:
  -v, --version                      Output the current version
  -i, --input <file or directory>    Designate an input file or directory
  -o, --output <directory>           Designate an ouput directory
  -s, --stylesheet <stylesheet url>  Link to a stylesheet url (default:
                                     \\"https://cdn.jsdelivr.net/npm/water.css@2/out/water.css\\")
  -c, --config <config json file>    Link to file that specifies all SSG
                                     options
  -h, --help                         display help for command"
`;

exports[`end-to-end integration prints version message when --version given 1`] = `
"Name: sitegen 
Version: 0.1.0"
`;

exports[`end-to-end integration single valid text file input should generate an html 1`] = `""`;

exports[`end-to-end integration single valid text file input with invalid output folder should generate an html in ./dist 1`] = `"Output directory ./test/invalid doesn't exist, outputting all files to ./dist"`;

exports[`end-to-end integration single valid text file input with valid output folder should generate an html in said folder 1`] = `""`;
